BB0:
	(= ,x ,1 ,_);
	(= ,y ,2 ,_);
	(jmp ,BB1 ,_ ,_);
BB1:
	(< ,x ,5 ,_T0);
	(cjmp ,0 ,_T0 ,BB3);
BB2:
	(+ ,x ,1 ,_T1);
	(= ,x ,_T1 ,_);
	(jmp ,BB1 ,_ ,_);
BB3:
	(> ,y ,0 ,_T2);
	(cjmp ,0 ,_T2 ,BB5);
BB4:
	(- ,y ,1 ,_T3);
	(= ,y ,_T3 ,_);
BB5:
	(+ ,y ,x ,_T4);
	(= ,y ,_T4 ,_);
